<testsuite errors="0" failures="0" name="Django Project Tests" skips="0" tests="100" time="6.132"><testcase classname="accounts.tests.test_form_signup.SignUpFormTest" name="test_form_has_fields" time="0.000563" /><testcase classname="accounts.tests.test_mail_password_reset.PasswordResetMailTests" name="test_email_body" time="0.084528" /><testcase classname="accounts.tests.test_mail_password_reset.PasswordResetMailTests" name="test_email_subject" time="0.041459" /><testcase classname="accounts.tests.test_mail_password_reset.PasswordResetMailTests" name="test_email_to" time="0.038037" /><testcase classname="accounts.tests.test_view_my_account.InvalidMyAccountTests" name="test_form_errors" time="0.106642" /><testcase classname="accounts.tests.test_view_my_account.InvalidMyAccountTests" name="test_status_code" time="0.092877" /><testcase classname="accounts.tests.test_view_my_account.LoginRequiredMyAccountTests" name="test_redirection" time="0.015525" /><testcase classname="accounts.tests.test_view_my_account.MyAccountTests" name="test_contains_form" time="0.090975" /><testcase classname="accounts.tests.test_view_my_account.MyAccountTests" name="test_csrf" time="0.091028" /><testcase classname="accounts.tests.test_view_my_account.MyAccountTests" name="test_form_inputs" time="0.089820" /><testcase classname="accounts.tests.test_view_my_account.MyAccountTests" name="test_status_code" time="0.091261" /><testcase classname="accounts.tests.test_view_my_account.MyAccountTests" name="test_url_resolves_correct_view" time="0.092896" /><testcase classname="accounts.tests.test_view_my_account.SuccessfulMyAccountTests" name="test_data_changed" time="0.084942" /><testcase classname="accounts.tests.test_view_my_account.SuccessfulMyAccountTests" name="test_redirection" time="0.096045" /><testcase classname="accounts.tests.test_view_password_change.InvalidPasswordChangeTests" name="test_didnt_change_password" time="0.129046" /><testcase classname="accounts.tests.test_view_password_change.InvalidPasswordChangeTests" name="test_form_errors" time="0.090984" /><testcase classname="accounts.tests.test_view_password_change.InvalidPasswordChangeTests" name="test_status_code" time="0.092931" /><testcase classname="accounts.tests.test_view_password_change.PasswordChangeTests" name="test_contains_form" time="0.089370" /><testcase classname="accounts.tests.test_view_password_change.PasswordChangeTests" name="test_csrf" time="0.088791" /><testcase classname="accounts.tests.test_view_password_change.PasswordChangeTests" name="test_form_inputs" time="0.092809" /><testcase classname="accounts.tests.test_view_password_change.PasswordChangeTests" name="test_status_code" time="0.089136" /><testcase classname="accounts.tests.test_view_password_change.PasswordChangeTests" name="test_url_resolves_correct_view" time="0.094533" /><testcase classname="accounts.tests.test_view_password_change.SuccessfulPasswordChangeTests" name="test_password_changed" time="0.178491" /><testcase classname="accounts.tests.test_view_password_change.SuccessfulPasswordChangeTests" name="test_redirection" time="0.156350" /><testcase classname="accounts.tests.test_view_password_change.SuccessfulPasswordChangeTests" name="test_user_authentication" time="0.159519" /><testcase classname="accounts.tests.test_view_password_reset.InvalidPasswordResetConfirmTests" name="test_html" time="0.071131" /><testcase classname="accounts.tests.test_view_password_reset.InvalidPasswordResetConfirmTests" name="test_status_code" time="0.070929" /><testcase classname="accounts.tests.test_view_password_reset.InvalidPasswordResetTests" name="test_no_reset_email_sent" time="0.004135" /><testcase classname="accounts.tests.test_view_password_reset.InvalidPasswordResetTests" name="test_redirection" time="0.007900" /><testcase classname="accounts.tests.test_view_password_reset.PasswordResetCompleteTests" name="test_status_code" time="0.004621" /><testcase classname="accounts.tests.test_view_password_reset.PasswordResetCompleteTests" name="test_view_function" time="0.006660" /><testcase classname="accounts.tests.test_view_password_reset.PasswordResetConfirmTests" name="test_contains_form" time="0.051120" /><testcase classname="accounts.tests.test_view_password_reset.PasswordResetConfirmTests" name="test_csrf" time="0.054553" /><testcase classname="accounts.tests.test_view_password_reset.PasswordResetConfirmTests" name="test_form_inputs" time="0.049005" /><testcase classname="accounts.tests.test_view_password_reset.PasswordResetConfirmTests" name="test_status_code" time="0.051832" /><testcase classname="accounts.tests.test_view_password_reset.PasswordResetConfirmTests" name="test_view_function" time="0.050068" /><testcase classname="accounts.tests.test_view_password_reset.PasswordResetDoneTests" name="test_status_code" time="0.003191" /><testcase classname="accounts.tests.test_view_password_reset.PasswordResetDoneTests" name="test_view_function" time="0.003605" /><testcase classname="accounts.tests.test_view_password_reset.PasswordResetTests" name="test_contains_form" time="0.008652" /><testcase classname="accounts.tests.test_view_password_reset.PasswordResetTests" name="test_csrf" time="0.007903" /><testcase classname="accounts.tests.test_view_password_reset.PasswordResetTests" name="test_form_inputs" time="0.007352" /><testcase classname="accounts.tests.test_view_password_reset.PasswordResetTests" name="test_status_code" time="0.009711" /><testcase classname="accounts.tests.test_view_password_reset.PasswordResetTests" name="test_view_function" time="0.007097" /><testcase classname="accounts.tests.test_view_password_reset.SuccessfulPasswordResetTests" name="test_redirection" time="0.043540" /><testcase classname="accounts.tests.test_view_password_reset.SuccessfulPasswordResetTests" name="test_send_password_reset_email" time="0.040341" /><testcase classname="accounts.tests.test_view_signup.InvalidSignUpTests" name="test_dont_create_user" time="0.015813" /><testcase classname="accounts.tests.test_view_signup.InvalidSignUpTests" name="test_form_errors" time="0.015912" /><testcase classname="accounts.tests.test_view_signup.InvalidSignUpTests" name="test_signup_status_code" time="0.016393" /><testcase classname="accounts.tests.test_view_signup.SignUpTests" name="test_contains_form" time="0.014951" /><testcase classname="accounts.tests.test_view_signup.SignUpTests" name="test_csrf" time="0.013728" /><testcase classname="accounts.tests.test_view_signup.SignUpTests" name="test_form_inputs" time="0.014290" /><testcase classname="accounts.tests.test_view_signup.SignUpTests" name="test_signup_status_code" time="0.015934" /><testcase classname="accounts.tests.test_view_signup.SignUpTests" name="test_signup_url_resolves_signup_view" time="0.014764" /><testcase classname="accounts.tests.test_view_signup.SuccessfulSignUpTests" name="test_redirection" time="0.051513" /><testcase classname="accounts.tests.test_view_signup.SuccessfulSignUpTests" name="test_user_authentication" time="0.050328" /><testcase classname="accounts.tests.test_view_signup.SuccessfulSignUpTests" name="test_user_creation" time="0.042162" /><testcase classname="boards.tests.test_templatetags.FieldTypeTests" name="test_field_widget_type" time="0.000516" /><testcase classname="boards.tests.test_templatetags.InputClassTests" name="test_invalid_bound_field" time="0.000380" /><testcase classname="boards.tests.test_templatetags.InputClassTests" name="test_unbound_field_initial_state" time="0.000535" /><testcase classname="boards.tests.test_templatetags.InputClassTests" name="test_valid_bound_field" time="0.000303" /><testcase classname="boards.tests.test_view_board_topics.BoardTopicsTests" name="test_board_topics_url_resolves_board_topics_view" time="0.000861" /><testcase classname="boards.tests.test_view_board_topics.BoardTopicsTests" name="test_board_topics_view_contains_navigation_links" time="0.020785" /><testcase classname="boards.tests.test_view_board_topics.BoardTopicsTests" name="test_board_topics_view_not_found_status_code" time="0.006861" /><testcase classname="boards.tests.test_view_board_topics.BoardTopicsTests" name="test_board_topics_view_success_status_code" time="0.009577" /><testcase classname="boards.tests.test_view_edit_post.InvalidPostUpdateViewTests" name="test_form_errors" time="0.096589" /><testcase classname="boards.tests.test_view_edit_post.InvalidPostUpdateViewTests" name="test_status_code" time="0.093407" /><testcase classname="boards.tests.test_view_edit_post.LoginRequiredPostUpdateViewTests" name="test_redirection" time="0.046166" /><testcase classname="boards.tests.test_view_edit_post.PostUpdateViewTests" name="test_contains_form" time="0.092344" /><testcase classname="boards.tests.test_view_edit_post.PostUpdateViewTests" name="test_csrf" time="0.093657" /><testcase classname="boards.tests.test_view_edit_post.PostUpdateViewTests" name="test_form_inputs" time="0.091530" /><testcase classname="boards.tests.test_view_edit_post.PostUpdateViewTests" name="test_status_code" time="0.092595" /><testcase classname="boards.tests.test_view_edit_post.PostUpdateViewTests" name="test_view_class" time="0.091998" /><testcase classname="boards.tests.test_view_edit_post.SuccessfulPostUpdateViewTests" name="test_post_changed" time="0.093987" /><testcase classname="boards.tests.test_view_edit_post.SuccessfulPostUpdateViewTests" name="test_redirection" time="0.127506" /><testcase classname="boards.tests.test_view_edit_post.UnauthorizedPostUpdateViewTests" name="test_status_code" time="0.113800" /><testcase classname="boards.tests.test_view_home.HomeTests" name="test_home_url_resolves_home_view" time="0.010469" /><testcase classname="boards.tests.test_view_home.HomeTests" name="test_home_view_contains_link_to_topics_page" time="0.011784" /><testcase classname="boards.tests.test_view_home.HomeTests" name="test_home_view_status_code" time="0.012606" /><testcase classname="boards.tests.test_view_new_topic.LoginRequiredNewTopicTests" name="test_redirection" time="0.013508" /><testcase classname="boards.tests.test_view_new_topic.NewTopicTests" name="test_contains_form" time="0.117106" /><testcase classname="boards.tests.test_view_new_topic.NewTopicTests" name="test_csrf" time="0.089535" /><testcase classname="boards.tests.test_view_new_topic.NewTopicTests" name="test_new_topic_invalid_post_data" time="0.089948" /><testcase classname="boards.tests.test_view_new_topic.NewTopicTests" name="test_new_topic_invalid_post_data_empty_fields" time="0.090270" /><testcase classname="boards.tests.test_view_new_topic.NewTopicTests" name="test_new_topic_url_resolves_new_topic_view" time="0.078744" /><testcase classname="boards.tests.test_view_new_topic.NewTopicTests" name="test_new_topic_valid_post_data" time="0.087137" /><testcase classname="boards.tests.test_view_new_topic.NewTopicTests" name="test_new_topic_view_contains_link_back_to_board_topics_view" time="0.092070" /><testcase classname="boards.tests.test_view_new_topic.NewTopicTests" name="test_new_topic_view_not_found_status_code" time="0.084702" /><testcase classname="boards.tests.test_view_new_topic.NewTopicTests" name="test_new_topic_view_success_status_code" time="0.095763" /><testcase classname="boards.tests.test_view_reply_topic.InvalidReplyTopicTests" name="test_form_errors" time="0.096853" /><testcase classname="boards.tests.test_view_reply_topic.InvalidReplyTopicTests" name="test_status_code" time="0.096538" /><testcase classname="boards.tests.test_view_reply_topic.LoginRequiredReplyTopicTests" name="test_redirection" time="0.046945" /><testcase classname="boards.tests.test_view_reply_topic.ReplyTopicTests" name="test_contains_form" time="0.098026" /><testcase classname="boards.tests.test_view_reply_topic.ReplyTopicTests" name="test_csrf" time="0.096513" /><testcase classname="boards.tests.test_view_reply_topic.ReplyTopicTests" name="test_form_inputs" time="0.095381" /><testcase classname="boards.tests.test_view_reply_topic.ReplyTopicTests" name="test_status_code" time="0.092658" /><testcase classname="boards.tests.test_view_reply_topic.ReplyTopicTests" name="test_view_function" time="0.095830" /><testcase classname="boards.tests.test_view_reply_topic.SuccessfulReplyTopicTests" name="test_redirection" time="0.112700" /><testcase classname="boards.tests.test_view_reply_topic.SuccessfulReplyTopicTests" name="test_reply_created" time="0.087005" /><testcase classname="boards.tests.test_view_topic_posts.TopicPostsTests" name="test_status_code" time="0.054050" /><testcase classname="boards.tests.test_view_topic_posts.TopicPostsTests" name="test_view_function" time="0.051887" /></testsuite>